[max-themes.net/demos/albertos/images/favicon.ico]
[backblue.gif]
[fade.gif]
[index.html]
[max-themes.net/demos/albertos/images/logo.png]
[max-themes.net/demos/albertos/images/logo-retina.png]
[max-themes.net/demos/albertos/upload/slide4.jpg]
[max-themes.net/demos/albertos/upload/bg-pizza.jpg]
[max-themes.net/demos/albertos/upload/slide5.jpg]
[max-themes.net/demos/albertos/js/jquery/jquery.js]
[max-themes.net/demos/albertos/js/jquery/jquery-migrate.min.js]
[max-themes.net/demos/albertos/rs-slider/js/jquery.themepunch.tools.min.js]
[max-themes.net/demos/albertos/rs-slider/js/jquery.themepunch.revolution.min.js]
[max-themes.net/demos/albertos/js/modernizr.custom.js]
[max-themes.net/demos/albertos/js/jquery.animsition.min.js]
[max-themes.net/demos/albertos/js/superfish.js]
[max-themes.net/demos/albertos/js/waypoints.min.js]
[max-themes.net/demos/albertos/js/jquery.mobilemenu.js]
[max-themes.net/demos/albertos/js/custom.js]
[max-themes.net/demos/albertos/js/extensions/revolution.extension.slideanims.min.js]
[max-themes.net/demos/albertos/js/extensions/revolution.extension.layeranimation.min.js]
[max-themes.net/demos/albertos/js/extensions/revolution.extension.navigation.min.js]
[max-themes.net/demos/albertos/js/extensions/revolution.extension.actions.min.js]
[max-themes.net/demos/albertos/js/extensions/revolution.extension.carousel.min.js]
[max-themes.net/demos/albertos/js/extensions/revolution.extension.kenburn.min.js]
[max-themes.net/demos/albertos/js/extensions/revolution.extension.migration.min.js]
[max-themes.net/demos/albertos/js/extensions/revolution.extension.parallax.min.js]
[max-themes.net/demos/albertos/js/extensions/revolution.extension.video.min.js]
[max-themes.net/demos/albertos/index.html]
[max-themes.net/demos/albertos/rs-slider/fonts/revicons/revicons90c690c6.eot]
[max-themes.net/demos/albertos/rs-slider/fonts/revicons/revicons90c690c6.woff]
[max-themes.net/demos/albertos/rs-slider/fonts/revicons/revicons90c690c6.ttf]
[max-themes.net/demos/albertos/rs-slider/assets/gridtile.png]
[max-themes.net/demos/albertos/rs-slider/assets/gridtile_white.png]
[max-themes.net/demos/albertos/rs-slider/assets/gridtile_3x3.png]
[max-themes.net/demos/albertos/rs-slider/assets/gridtile_3x3_white.png]
[max-themes.net/demos/albertos/rs-slider/assets/coloredbg.png]
[max-themes.net/demos/albertos/rs-slider/assets/loader.gif]
[max-themes.net/demos/albertos/rs-slider/css/settings.css]
[max-themes.net/demos/albertos/css/animsition.css]
[max-themes.net/demos/albertos/css/fonts/fontawesome-webfont5b625b62.eot]
[max-themes.net/demos/albertos/css/fonts/fontawesome-webfontd41dd41d.eot]
[max-themes.net/demos/albertos/css/fonts/fontawesome-webfont5b625b62.woff2]
[max-themes.net/demos/albertos/css/fonts/fontawesome-webfont5b625b62.woff]
[max-themes.net/demos/albertos/css/fonts/fontawesome-webfont5b625b62.ttf]
[max-themes.net/demos/albertos/css/font-awesome.css]
[max-themes.net/demos/albertos/css/fonts/Simple-Line-Icons.eot]
[max-themes.net/demos/albertos/css/fonts/Simple-Line-Iconsd41dd41d.eot]
[max-themes.net/demos/albertos/css/fonts/Simple-Line-Icons.woff]
[max-themes.net/demos/albertos/css/fonts/Simple-Line-Icons.ttf]
[max-themes.net/demos/albertos/css/simple-line-icons.css]
[max-themes.net/demos/albertos/css/fonts/Pe-icon-7-strokebb1dbb1d.eot]
[max-themes.net/demos/albertos/css/fonts/Pe-icon-7-stroked41dd41d.eot]
[max-themes.net/demos/albertos/css/fonts/Pe-icon-7-strokebb1dbb1d.woff]
[max-themes.net/demos/albertos/css/fonts/Pe-icon-7-strokebb1dbb1d.ttf]
[max-themes.net/demos/albertos/css/pe-icon-7-stroke.css]
[max-themes.net/demos/albertos/css/fonts/Flaticon.eot]
[max-themes.net/demos/albertos/css/fonts/Flaticond41dd41d.eot]
[max-themes.net/demos/albertos/css/fonts/Flaticon.woff]
[max-themes.net/demos/albertos/css/fonts/Flaticon.ttf]
[max-themes.net/demos/albertos/css/flaticon.css]
[max-themes.net/demos/albertos/css/owl.carousel.css]
[max-themes.net/demos/albertos/css/jquery.easy-pie-chart.css]
[max-themes.net/demos/albertos/css/owl.transitions.css]
[max-themes.net/demos/albertos/images/bg-menu.jpg]
[max-themes.net/demos/albertos/images/shadow-frame.png]
[max-themes.net/demos/albertos/css/style.css]
[max-themes.net/demos/albertos/css/media.css]
[max-themes.net/demos/albertos/css/custom_script.css]
[max-themes.net/demos/albertos/index-2.html]
[max-themes.net/demos/albertos/js/jquery.isotope.min.js]
[max-themes.net/demos/albertos/menu.html]
[max-themes.net/demos/albertos/images/frame.png]
[max-themes.net/demos/albertos/images/inner-shadow.png]
[max-themes.net/demos/albertos/upload/hawaii-313x220.jpg]
[max-themes.net/demos/albertos/upload/freshness-313x220.jpg]
[max-themes.net/demos/albertos/upload/sea-313x220.jpg]
[max-themes.net/demos/albertos/upload/calzone-313x220.jpg]
[max-themes.net/demos/albertos/upload/classic-313x220.jpg]
[max-themes.net/demos/albertos/upload/neapolitan.jpg]
[max-themes.net/demos/albertos/upload/farmer.jpg]
[max-themes.net/demos/albertos/upload/slide1-313x220.jpg]
[max-themes.net/demos/albertos/upload/bg-pizza-313x220.jpg]
[max-themes.net/demos/albertos/pizzas.html]
[max-themes.net/demos/albertos/upload/vegies.jpg]
[max-themes.net/demos/albertos/upload/team.jpg]
[max-themes.net/demos/albertos/about.html]
[max-themes.net/demos/albertos/js/contact-form.js]
[max-themes.net/demos/albertos/contact.html]
[max-themes.net/demos/albertos/upload/post3.jpg]
[max-themes.net/demos/albertos/upload/post2.jpg]
[max-themes.net/demos/albertos/upload/slide3.jpg]
[max-themes.net/demos/albertos/blog.html]
[max-themes.net/demos/albertos/upload/slide4.jpg]
[max-themes.net/demos/albertos/upload/bg-pizza.jpg]
[max-themes.net/demos/albertos/upload/slide5.jpg]
[max-themes.net/demos/albertos/js/custom-inline-js.js]
[max-themes.net/demos/albertos/rs-slider/fonts/revicons/revicons90c690c6.svg]
[max-themes.net/demos/albertos/rs-slider/css/openhand.html]
[max-themes.net/demos/albertos/rs-slider/css/closedhand.html]
[max-themes.net/demos/albertos/css/fonts/fontawesome-webfont5b625b62.svg]
[max-themes.net/demos/albertos/css/fonts/Simple-Line-Icons.svg]
[max-themes.net/demos/albertos/css/fonts/Pe-icon-7-strokebb1dbb1d.svg]
[max-themes.net/demos/albertos/css/fonts/Flaticon.svg]
[pegodesign.com/wp-themes/albertos/wp-content/uploads/2017/01/bg-pizza.jpg]
[max-themes.net/demos/albertos/css/owl.video.play.html]
[pegodesign.com/wp-themes/albertos/wp-content/plugins/contact-form-7/includes/css/styles1c9b.html]
[pegodesign.com/wp-themes/albertos/wp-content/plugins/revslider/public/assets/css/settings4ee1.html]
[pegodesign.com/wp-themes/albertos/wp-content/themes/albertos/css/animsition5152.html]
[pegodesign.com/wp-themes/albertos/wp-content/themes/albertos/css/font-awesome5152.html]
[pegodesign.com/wp-themes/albertos/wp-content/themes/albertos/css/simple-line-icons5152.html]
[pegodesign.com/wp-themes/albertos/wp-content/themes/albertos/css/pe-icon-7-stroke5152.html]
[pegodesign.com/wp-themes/albertos/wp-content/themes/albertos/css/flaticon5152.html]
[pegodesign.com/wp-themes/albertos/wp-content/themes/albertos/css/owl.carousel5152.html]
[pegodesign.com/wp-themes/albertos/wp-content/themes/albertos/css/jquery.easy-pie-chart5152.html]
[pegodesign.com/wp-themes/albertos/wp-content/themes/albertos/css/owl.transitions5152.html]
[pegodesign.com/wp-themes/albertos/wp-content/themes/albertos/style5152.html]
[pegodesign.com/wp-themes/albertos/wp-content/themes/albertos/css/media5152.html]
[pegodesign.com/wp-themes/albertos/wp-includes/js/jquery/jqueryb8ff.html]
[pegodesign.com/wp-themes/albertos/wp-includes/js/jquery/jquery-migrate.min330a.html]
[pegodesign.com/wp-themes/albertos/wp-content/plugins/revslider/public/assets/js/jquery.themepunch.tools.min4ee1.html]
[pegodesign.com/wp-themes/albertos/wp-content/plugins/revslider/public/assets/js/jquery.themepunch.revolution.min4ee1.html]
[pegodesign.com/wp-themes/albertos/wp-content/themes/albertos/images/logo.html]
[pegodesign.com/wp-themes/albertos/wp-content/themes/albertos/images/logo-retina.html]
[pegodesign.com/wp-themes/albertos/wp-content/themes/albertos/css/custom_scriptfe9d.html]
[pegodesign.com/wp-themes/albertos/wp-content/plugins/contact-form-7/includes/js/jquery.form.mind03d.html]
[pegodesign.com/wp-themes/albertos/wp-content/plugins/contact-form-7/includes/js/scripts1c9b.html]
[pegodesign.com/wp-themes/albertos/wp-content/themes/albertos/js/modernizr.customfe9d.html]
[pegodesign.com/wp-themes/albertos/wp-content/themes/albertos/js/jquery.animsition.minfe9d.html]
[pegodesign.com/wp-themes/albertos/wp-content/themes/albertos/js/superfishfe9d.html]
[pegodesign.com/wp-themes/albertos/wp-content/themes/albertos/js/waypoints.minfe9d.html]
[pegodesign.com/wp-themes/albertos/wp-content/themes/albertos/js/jquery.mobilemenufe9d.html]
[pegodesign.com/wp-themes/albertos/wp-content/themes/albertos/js/customfe9d.html]
[pegodesign.com/wp-themes/albertos/wp-content/themes/albertos/js/custom-inline-jsfe9d.html]
[pegodesign.com/wp-themes/albertos/wp-includes/js/wp-embed.minfe9d.html]
